lgr	%r8,%r2
lr	%r1,%r2
lg	%r2,-8(%r9)
lg	%r1,0(%r2,%r3)
l	%r1,4(%r2)
ly	%r1,-4(%r2)
lgf	%r1,8(%r2)
llgf	%r1,8(%r2)
llgc	%r1,8(%r2)
llgh	%r1,8(%r2)
lgh	%r1,8(%r2)
lgb	%r1,8(%r2)
stg	%r2,160(%r15)
st	%r2,4(%r15)
sty	%r2,-4(%r15)
stc	%r2,0(%r3)
sth	%r2,0(%r3)
stcy	%r2,-1(%r3)
la	%r1,8(%r2)
lay	%r1,-8(%r2)
larl	%r1,0x78
lgrl	%r1,0x7e
stgrl	%r1,0x84
lghi	%r1,-1
lhi	%r1,7
lgfi	%r1,-123456
llilf	%r1,65535
llihf	%r1,65535
iilf	%r2,2596069104
iihf	%r2,305419896
iill	%r1,1
iilh	%r1,1
iihl	%r1,1
iihh	%r1,1
llill	%r1,2
llilh	%r1,2
llihl	%r1,2
llihh	%r1,2
nill	%r1,7
nilh	%r1,7
nihl	%r1,7
nihh	%r1,7
oill	%r1,7
oilh	%r1,7
nilf	%r1,255
oilf	%r1,255
xilf	%r1,255
agr	%r2,%r3
ar	%r2,%r3
agfr	%r2,%r3
algr	%r2,%r3
alr	%r2,%r3
sgr	%r2,%r3
sr	%r2,%r3
sgfr	%r2,%r3
slgr	%r2,%r3
msgr	%r2,%r3
msr	%r2,%r3
msgfr	%r2,%r3
mlgr	%r2,%r4
dsgr	%r2,%r4
dlgr	%r2,%r4
ngr	%r2,%r3
nr	%r2,%r3
ogr	%r2,%r3
or	%r2,%r3
xgr	%r2,%r3
xr	%r2,%r3
lcgr	%r2,%r3
lngr	%r2,%r3
lpgr	%r2,%r3
ltgr	%r2,%r3
ltr	%r2,%r3
lcr	%r2,%r3
cgr	%r2,%r3
cr	%r2,%r3
clgr	%r2,%r3
clr	%r2,%r3
cgfr	%r2,%r3
clgfr	%r2,%r3
aghi	%r15,-160
ahi	%r1,5
aghik	%r1,%r2,5
agfi	%r1,-70000
afi	%r1,-70000
algfi	%r1,70000
alfi	%r1,70000
slgfi	%r1,70000
slfi	%r1,70000
cghi	%r1,-3
chi	%r1,3
cgfi	%r1,-70000
cfi	%r1,70000
clgfi	%r1,70000
clfi	%r1,70000
ag	%r2,8(%r3)
a	%r2,8(%r3)
ay	%r2,-8(%r3)
agf	%r2,8(%r3)
alg	%r2,8(%r3)
sg	%r2,8(%r3)
s	%r2,8(%r3)
sy	%r2,-8(%r3)
slg	%r2,8(%r3)
msg	%r2,8(%r3)
ms	%r2,8(%r3)
ng	%r2,8(%r3)
n	%r2,8(%r3)
og	%r2,8(%r3)
o	%r2,8(%r3)
xg	%r2,8(%r3)
x	%r2,8(%r3)
cg	%r2,8(%r3)
c	%r2,8(%r3)
cy	%r2,-8(%r3)
clg	%r2,8(%r3)
cl	%r2,8(%r3)
cly	%r2,-8(%r3)
cli	0(%r3),42
cliy	-1(%r3),42
mvi	0(%r3),42
mviy	-1(%r3),42
tm	0(%r3),1
tmy	-1(%r3),1
tmll	%r1,7
tmlh	%r1,7
tmhl	%r1,7
tmhh	%r1,7
sllg	%r3,%r2,5
srlg	%r3,%r2,5
srag	%r3,%r2,5
slag	%r3,%r2,5
sllg	%r3,%r2,0(%r4)
sll	%r3,5
srl	%r3,5
sra	%r3,5
sla	%r3,5
sllk	%r3,%r2,5
srlk	%r3,%r2,5
srak	%r3,%r2,5
rllg	%r3,%r2,5
risbg	%r1,%r2,0,63,8
risbgn	%r1,%r2,0,63,8
rosbg	%r1,%r2,0,63,8
rxsbg	%r1,%r2,0,63,8
rnsbg	%r1,%r2,0,63,8
stmg	%r6,%r15,48(%r15)
lmg	%r6,%r15,208(%r15)
stm	%r6,%r15,48(%r15)
lm	%r6,%r15,48(%r15)
stmy	%r6,%r15,-48(%r15)
lmy	%r6,%r15,-48(%r15)
basr	%r14,%r1
br	%r14
br	%r14
ber	%r14
ber	%r14
bner	%r14
bner	%r14
nopr
nopr
bnor	%r0
b	0(%r2)
b	0(%r2)
be	8(%r2)
be	8(%r2)
bas	%r14,0(%r2)
bras	%r14,0x308
brasl	%r14,0x30c
j	0x312
j	0x316
je	0x31a
je	0x31e
jne	0x322
jne	0x326
jh	0x32a
jh	0x32e
jl	0x332
jl	0x336
jhe	0x33a
jhe	0x33e
jle	0x342
jle	0x346
jo	0x34a
jo	0x34e
jnle	0x352
jnop	0x356
jnop	0x35a
jg	0x362
jg	0x368
jge	0x36e
jge	0x374
jgne	0x37a
jglh	0x380
jgh	0x386
jgh	0x38c
jgl	0x392
jgl	0x398
jghe	0x39e
jghe	0x3a4
jgle	0x3aa
jgle	0x3b0
jgo	0x3b6
jgo	0x3bc
jgno	0x3c2
jgno	0x3c8
brct	%r1,0x3ca
brctg	%r1,0x3ce
brxh	%r1,%r2,0x3d2
brxhg	%r1,%r2,0x3d6
cgije	%r1,5,0x3dc
cgrje	%r1,%r2,0x3e2
cije	%r1,5,0x3e8
crje	%r1,%r2,0x3ee
clgije	%r1,5,0x3f4
clgrje	%r1,%r2,0x3fa
cgrbe	%r1,%r2,0(%r3)
locgre	%r1,%r2
locgre	%r1,%r2
locre	%r1,%r2
locghie	%r1,5
locge	%r1,8(%r2)
stocge	%r1,8(%r2)
lgdr	%r2,%f0
ldgr	%f0,%r2
ler	%f0,%f2
ldr	%f0,%f2
le	%f0,0(%r2)
ld	%f0,0(%r2)
ley	%f0,-8(%r2)
ldy	%f0,-8(%r2)
ste	%f0,0(%r2)
std	%f0,0(%r2)
stey	%f0,-8(%r2)
stdy	%f0,-8(%r2)
aebr	%f0,%f2
adbr	%f0,%f2
sebr	%f0,%f2
sdbr	%f0,%f2
meebr	%f0,%f2
mdbr	%f0,%f2
debr	%f0,%f2
ddbr	%f0,%f2
cebr	%f0,%f2
cdbr	%f0,%f2
lzer	%f0
lzdr	%f0
lcebr	%f0,%f2
lcdbr	%f0,%f2
ldebr	%f0,%f2
ledbr	%f0,%f2
cegbr	%f0,%r1
cdgbr	%f0,%r1
cgebr	%r1,5,%f0
cgdbr	%r1,5,%f0
cfebr	%r1,5,%f0
cfdbr	%r1,5,%f0
fiebr	%f0,5,%f2
fidbr	%f0,5,%f2
sqebr	%f0,%f2
sqdbr	%f0,%f2
cgebr	%r1,5,%f0
cgdbr	%r1,5,%f0
clgdbr	%r1,5,%f0,0
cegbr	%f0,%r1
cdgbr	%f0,%r1
cdlgbr	%f0,0,%r1,0
mvc	0(8,%r2),0(%r3)
xc	0(8,%r2),0(%r2)
clc	0(8,%r2),0(%r3)
nc	0(8,%r2),0(%r3)
oc	0(8,%r2),0(%r3)
ex	%r1,0(%r2)
exrl	%r1,0x4fa
svc	1
trap2
cs	%r1,%r2,0(%r3)
csg	%r1,%r2,0(%r3)
csy	%r1,%r2,-8(%r3)
laa	%r1,%r2,0(%r3)
laag	%r1,%r2,0(%r3)
lan	%r1,%r2,0(%r3)
lang	%r1,%r2,0(%r3)
lao	%r1,%r2,0(%r3)
laog	%r1,%r2,0(%r3)
lax	%r1,%r2,0(%r3)
laxg	%r1,%r2,0(%r3)
bnor	%r0
stck	0(%r2)
stckf	0(%r2)
ipm	%r1
ear	%r1,%a0
sar	%a0,%r1
lghr	%r1,%r2
lgfr	%r1,%r2
llgfr	%r1,%r2
llgcr	%r1,%r2
llghr	%r1,%r2
lbr	%r1,%r2
lhr	%r1,%r2
llcr	%r1,%r2
llhr	%r1,%r2
flogr	%r2,%r3
popcnt	%r1,%r2
lrv	%r1,0(%r2)
lrvg	%r1,0(%r2)
lrvr	%r1,%r2
lrvgr	%r1,%r2
strv	%r1,0(%r2)
strvg	%r1,0(%r2)
mvghi	0(%r2),5
mvhi	0(%r2),5
mvhhi	0(%r2),5
cghsi	0(%r2),5
chsi	0(%r2),5
clghsi	0(%r2),5
clhhsi	0(%r2),5
agsi	0(%r2),5
asi	0(%r2),5
alsi	0(%r2),5
algsi	0(%r2),5
pfd	1,0(%r2)
pfdrl	1,0x5ee
lrl	%r1,0x5f4
lgrl	%r1,0x5fa
lgfrl	%r1,0x600
llgfrl	%r1,0x606
strl	%r1,0x60c
stgrl	%r1,0x612
crl	%r1,0x618
cgrl	%r1,0x61e
clrl	%r1,0x624
clgrl	%r1,0x62a
cgfrl	%r1,0x630
clgfrl	%r1,0x636
cghrl	%r1,0x63c
chrl	%r1,0x642
clghrl	%r1,0x648
clhrl	%r1,0x64e
lhrl	%r1,0x654
lghrl	%r1,0x65a
llhrl	%r1,0x660
llghrl	%r1,0x666
sthrl	%r1,0x66c
ngrk	%r1,%r2,%r3
ogrk	%r1,%r2,%r3
xgrk	%r1,%r2,%r3
agrk	%r1,%r2,%r3
sgrk	%r1,%r2,%r3
algrk	%r1,%r2,%r3
slgrk	%r1,%r2,%r3
nrk	%r1,%r2,%r3
ork	%r1,%r2,%r3
xrk	%r1,%r2,%r3
ark	%r1,%r2,%r3
srk	%r1,%r2,%r3
msgrkc	%r1,%r2,%r3
mgrk	%r2,%r4,%r5
ahik	%r1,%r2,5
alghsik	%r1,%r2,5
cgite	%r1,5
clgite	%r1,5
cgrte	%r1,%r2
clgrte	%r1,%r2
lat	%r1,0(%r2)
lgat	%r1,0(%r2)
llgfat	%r1,0(%r2)
llgtat	%r1,0(%r2)
lpswe	0(%r2)
lcgfr	%r1,%r2
lngfr	%r1,%r2
lpgfr	%r1,%r2
ltgfr	%r1,%r2
ltgf	%r1,0(%r2)
ltg	%r1,0(%r2)
lt	%r1,0(%r2)
lhy	%r1,-2(%r2)
sthy	%r1,-2(%r2)
icy	%r1,-1(%r2)
ic	%r1,1(%r2)
icm	%r1,15,0(%r2)
icmy	%r1,15,-4(%r2)
icmh	%r1,15,-4(%r2)
stcm	%r1,15,0(%r2)
stcmy	%r1,15,-4(%r2)
stcmh	%r1,15,-4(%r2)
lb	%r1,0(%r2)
lh	%r1,0(%r2)
llc	%r1,0(%r2)
llh	%r1,0(%r2)
lgf	%r1,0(%r2)
llgt	%r1,0(%r2)
llgtr	%r1,%r2
mh	%r1,0(%r2)
mhi	%r1,7
mghi	%r1,7
msfi	%r1,70000
msgfi	%r1,70000
al	%r1,0(%r2)
aly	%r1,-4(%r2)
sl	%r1,0(%r2)
sly	%r1,-4(%r2)
alc	%r1,0(%r2)
alcg	%r1,0(%r2)
slb	%r1,0(%r2)
slbg	%r1,0(%r2)
alcr	%r1,%r2
alcgr	%r1,%r2
slbr	%r1,%r2
slbgr	%r1,%r2
ah	%r1,0(%r2)
ahy	%r1,-4(%r2)
sh	%r1,0(%r2)
shy	%r1,-4(%r2)
ch	%r1,0(%r2)
chy	%r1,-4(%r2)
cgh	%r1,0(%r2)
cvb	%r1,0(%r2)
cvd	%r1,0(%r2)
cvbg	%r1,0(%r2)
cvdg	%r1,0(%r2)
dsg	%r2,0(%r3)
dlg	%r2,0(%r3)
dl	%r2,0(%r3)
dsgf	%r2,0(%r3)
dsgfr	%r2,%r3
dlr	%r2,%r3
mlr	%r2,%r3
ml	%r2,0(%r3)
mlg	%r2,0(%r3)
msgf	%r2,0(%r3)
mfy	%r2,0(%r3)
lae	%r1,0(%r2)
laey	%r1,-8(%r2)
jnop	0x836
jgnop	0x83e
nopr	%r14
nop	0(%r2)
jo	0x846
jgo	0x84e
bor	%r14
bo	0(%r2)
jh	0x856
jgh	0x85e
bhr	%r14
bh	0(%r2)
jnle	0x866
jgnle	0x86e
bnler	%r14
bnle	0(%r2)
jl	0x876
jgl	0x87e
blr	%r14
bl	0(%r2)
jnhe	0x886
jgnhe	0x88e
bnher	%r14
bnhe	0(%r2)
jlh	0x896
jglh	0x89e
blhr	%r14
blh	0(%r2)
jne	0x8a6
jgne	0x8ae
bner	%r14
bne	0(%r2)
je	0x8b6
jge	0x8be
ber	%r14
be	0(%r2)
jnlh	0x8c6
jgnlh	0x8ce
bnlhr	%r14
bnlh	0(%r2)
jhe	0x8d6
jghe	0x8de
bher	%r14
bhe	0(%r2)
jnl	0x8e6
jgnl	0x8ee
bnlr	%r14
bnl	0(%r2)
jle	0x8f6
jgle	0x8fe
bler	%r14
ble	0(%r2)
jnh	0x906
jgnh	0x90e
bnhr	%r14
bnh	0(%r2)
jno	0x916
jgno	0x91e
bnor	%r14
bno	0(%r2)
j	0x926
jg	0x92e
br	%r14
b	0(%r2)
