cgij	%r1,5,0,0x8
cgrj	%r1,%r2,0,0xe
cgit	%r1,5,0
cgrt	%r1,%r2,0
locg	%r1,8(%r2),0
locgr	%r1,%r2,0
locghi	%r1,5,0
stocg	%r1,8(%r2),0
cgrb	%r1,%r2,0,0(%r3)
cgib	%r1,5,0,0(%r3)
clgrj	%r1,%r2,0,0x40
crj	%r1,%r2,0,0x46
cij	%r1,5,0,0x4c
clgij	%r1,5,0,0x52
clgit	%r1,5,0
clgrt	%r1,%r2,0
crt	%r1,%r2,0
clrt	%r1,%r2,0
locr	%r1,%r2,0
loc	%r1,8(%r2),0
stoc	%r1,8(%r2),0
lochi	%r1,5,0
cgij	%r1,5,1,0x80
cgrj	%r1,%r2,1,0x86
cgit	%r1,5,1
cgrt	%r1,%r2,1
locgo	%r1,8(%r2)
locgro	%r1,%r2
locghio	%r1,5
stocgo	%r1,8(%r2)
cgrb	%r1,%r2,1,0(%r3)
cgib	%r1,5,1,0(%r3)
clgrj	%r1,%r2,1,0xb8
crj	%r1,%r2,1,0xbe
cij	%r1,5,1,0xc4
clgij	%r1,5,1,0xca
clgit	%r1,5,1
clgrt	%r1,%r2,1
crt	%r1,%r2,1
clrt	%r1,%r2,1
locro	%r1,%r2
loco	%r1,8(%r2)
stoco	%r1,8(%r2)
lochio	%r1,5
cgijh	%r1,5,0xf8
cgrjh	%r1,%r2,0xfe
cgith	%r1,5
cgrth	%r1,%r2
locgh	%r1,8(%r2)
locgrh	%r1,%r2
locghih	%r1,5
stocgh	%r1,8(%r2)
cgrbh	%r1,%r2,0(%r3)
cgibh	%r1,5,0(%r3)
clgrjh	%r1,%r2,0x130
crjh	%r1,%r2,0x136
cijh	%r1,5,0x13c
clgijh	%r1,5,0x142
clgith	%r1,5
clgrth	%r1,%r2
crth	%r1,%r2
clrth	%r1,%r2
locrh	%r1,%r2
loch	%r1,8(%r2)
stoch	%r1,8(%r2)
lochih	%r1,5
cgij	%r1,5,3,0x170
cgrj	%r1,%r2,3,0x176
cgit	%r1,5,3
cgrt	%r1,%r2,3
locgnle	%r1,8(%r2)
locgrnle	%r1,%r2
locghinle	%r1,5
stocgnle	%r1,8(%r2)
cgrb	%r1,%r2,3,0(%r3)
cgib	%r1,5,3,0(%r3)
clgrj	%r1,%r2,3,0x1a8
crj	%r1,%r2,3,0x1ae
cij	%r1,5,3,0x1b4
clgij	%r1,5,3,0x1ba
clgit	%r1,5,3
clgrt	%r1,%r2,3
crt	%r1,%r2,3
clrt	%r1,%r2,3
locrnle	%r1,%r2
locnle	%r1,8(%r2)
stocnle	%r1,8(%r2)
lochinle	%r1,5
cgijl	%r1,5,0x1e8
cgrjl	%r1,%r2,0x1ee
cgitl	%r1,5
cgrtl	%r1,%r2
locgl	%r1,8(%r2)
locgrl	%r1,%r2
locghil	%r1,5
stocgl	%r1,8(%r2)
cgrbl	%r1,%r2,0(%r3)
cgibl	%r1,5,0(%r3)
clgrjl	%r1,%r2,0x220
crjl	%r1,%r2,0x226
cijl	%r1,5,0x22c
clgijl	%r1,5,0x232
clgitl	%r1,5
clgrtl	%r1,%r2
crtl	%r1,%r2
clrtl	%r1,%r2
locrl	%r1,%r2
locl	%r1,8(%r2)
stocl	%r1,8(%r2)
lochil	%r1,5
cgij	%r1,5,5,0x260
cgrj	%r1,%r2,5,0x266
cgit	%r1,5,5
cgrt	%r1,%r2,5
locgnhe	%r1,8(%r2)
locgrnhe	%r1,%r2
locghinhe	%r1,5
stocgnhe	%r1,8(%r2)
cgrb	%r1,%r2,5,0(%r3)
cgib	%r1,5,5,0(%r3)
clgrj	%r1,%r2,5,0x298
crj	%r1,%r2,5,0x29e
cij	%r1,5,5,0x2a4
clgij	%r1,5,5,0x2aa
clgit	%r1,5,5
clgrt	%r1,%r2,5
crt	%r1,%r2,5
clrt	%r1,%r2,5
locrnhe	%r1,%r2
locnhe	%r1,8(%r2)
stocnhe	%r1,8(%r2)
lochinhe	%r1,5
cgijne	%r1,5,0x2d8
cgrjne	%r1,%r2,0x2de
cgitne	%r1,5
cgrtne	%r1,%r2
locglh	%r1,8(%r2)
locgrlh	%r1,%r2
locghilh	%r1,5
stocglh	%r1,8(%r2)
cgrbne	%r1,%r2,0(%r3)
cgibne	%r1,5,0(%r3)
clgrjne	%r1,%r2,0x310
crjne	%r1,%r2,0x316
cijne	%r1,5,0x31c
clgijne	%r1,5,0x322
clgitne	%r1,5
clgrtne	%r1,%r2
crtne	%r1,%r2
clrtne	%r1,%r2
locrlh	%r1,%r2
loclh	%r1,8(%r2)
stoclh	%r1,8(%r2)
lochilh	%r1,5
cgij	%r1,5,7,0x350
cgrj	%r1,%r2,7,0x356
cgit	%r1,5,7
cgrt	%r1,%r2,7
locgne	%r1,8(%r2)
locgrne	%r1,%r2
locghine	%r1,5
stocgne	%r1,8(%r2)
cgrb	%r1,%r2,7,0(%r3)
cgib	%r1,5,7,0(%r3)
clgrj	%r1,%r2,7,0x388
crj	%r1,%r2,7,0x38e
cij	%r1,5,7,0x394
clgij	%r1,5,7,0x39a
clgit	%r1,5,7
clgrt	%r1,%r2,7
crt	%r1,%r2,7
clrt	%r1,%r2,7
locrne	%r1,%r2
locne	%r1,8(%r2)
stocne	%r1,8(%r2)
lochine	%r1,5
cgije	%r1,5,0x3c8
cgrje	%r1,%r2,0x3ce
cgite	%r1,5
cgrte	%r1,%r2
locge	%r1,8(%r2)
locgre	%r1,%r2
locghie	%r1,5
stocge	%r1,8(%r2)
cgrbe	%r1,%r2,0(%r3)
cgibe	%r1,5,0(%r3)
clgrje	%r1,%r2,0x400
crje	%r1,%r2,0x406
cije	%r1,5,0x40c
clgije	%r1,5,0x412
clgite	%r1,5
clgrte	%r1,%r2
crte	%r1,%r2
clrte	%r1,%r2
locre	%r1,%r2
loce	%r1,8(%r2)
stoce	%r1,8(%r2)
lochie	%r1,5
cgij	%r1,5,9,0x440
cgrj	%r1,%r2,9,0x446
cgit	%r1,5,9
cgrt	%r1,%r2,9
locgnlh	%r1,8(%r2)
locgrnlh	%r1,%r2
locghinlh	%r1,5
stocgnlh	%r1,8(%r2)
cgrb	%r1,%r2,9,0(%r3)
cgib	%r1,5,9,0(%r3)
clgrj	%r1,%r2,9,0x478
crj	%r1,%r2,9,0x47e
cij	%r1,5,9,0x484
clgij	%r1,5,9,0x48a
clgit	%r1,5,9
clgrt	%r1,%r2,9
crt	%r1,%r2,9
clrt	%r1,%r2,9
locrnlh	%r1,%r2
locnlh	%r1,8(%r2)
stocnlh	%r1,8(%r2)
lochinlh	%r1,5
cgijnl	%r1,5,0x4b8
cgrjnl	%r1,%r2,0x4be
cgitnl	%r1,5
cgrtnl	%r1,%r2
locghe	%r1,8(%r2)
locgrhe	%r1,%r2
locghihe	%r1,5
stocghe	%r1,8(%r2)
cgrbnl	%r1,%r2,0(%r3)
cgibnl	%r1,5,0(%r3)
clgrjnl	%r1,%r2,0x4f0
crjnl	%r1,%r2,0x4f6
cijnl	%r1,5,0x4fc
clgijnl	%r1,5,0x502
clgitnl	%r1,5
clgrtnl	%r1,%r2
crtnl	%r1,%r2
clrtnl	%r1,%r2
locrhe	%r1,%r2
loche	%r1,8(%r2)
stoche	%r1,8(%r2)
lochihe	%r1,5
cgij	%r1,5,11,0x530
cgrj	%r1,%r2,11,0x536
cgit	%r1,5,11
cgrt	%r1,%r2,11
locgnl	%r1,8(%r2)
locgrnl	%r1,%r2
locghinl	%r1,5
stocgnl	%r1,8(%r2)
cgrb	%r1,%r2,11,0(%r3)
cgib	%r1,5,11,0(%r3)
clgrj	%r1,%r2,11,0x568
crj	%r1,%r2,11,0x56e
cij	%r1,5,11,0x574
clgij	%r1,5,11,0x57a
clgit	%r1,5,11
clgrt	%r1,%r2,11
crt	%r1,%r2,11
clrt	%r1,%r2,11
locrnl	%r1,%r2
locnl	%r1,8(%r2)
stocnl	%r1,8(%r2)
lochinl	%r1,5
cgijnh	%r1,5,0x5a8
cgrjnh	%r1,%r2,0x5ae
cgitnh	%r1,5
cgrtnh	%r1,%r2
locgle	%r1,8(%r2)
locgrle	%r1,%r2
locghile	%r1,5
stocgle	%r1,8(%r2)
cgrbnh	%r1,%r2,0(%r3)
cgibnh	%r1,5,0(%r3)
clgrjnh	%r1,%r2,0x5e0
crjnh	%r1,%r2,0x5e6
cijnh	%r1,5,0x5ec
clgijnh	%r1,5,0x5f2
clgitnh	%r1,5
clgrtnh	%r1,%r2
crtnh	%r1,%r2
clrtnh	%r1,%r2
locrle	%r1,%r2
locle	%r1,8(%r2)
stocle	%r1,8(%r2)
lochile	%r1,5
cgij	%r1,5,13,0x620
cgrj	%r1,%r2,13,0x626
cgit	%r1,5,13
cgrt	%r1,%r2,13
locgnh	%r1,8(%r2)
locgrnh	%r1,%r2
locghinh	%r1,5
stocgnh	%r1,8(%r2)
cgrb	%r1,%r2,13,0(%r3)
cgib	%r1,5,13,0(%r3)
clgrj	%r1,%r2,13,0x658
crj	%r1,%r2,13,0x65e
cij	%r1,5,13,0x664
clgij	%r1,5,13,0x66a
clgit	%r1,5,13
clgrt	%r1,%r2,13
crt	%r1,%r2,13
clrt	%r1,%r2,13
locrnh	%r1,%r2
locnh	%r1,8(%r2)
stocnh	%r1,8(%r2)
lochinh	%r1,5
cgij	%r1,5,14,0x698
cgrj	%r1,%r2,14,0x69e
cgit	%r1,5,14
cgrt	%r1,%r2,14
locgno	%r1,8(%r2)
locgrno	%r1,%r2
locghino	%r1,5
stocgno	%r1,8(%r2)
cgrb	%r1,%r2,14,0(%r3)
cgib	%r1,5,14,0(%r3)
clgrj	%r1,%r2,14,0x6d0
crj	%r1,%r2,14,0x6d6
cij	%r1,5,14,0x6dc
clgij	%r1,5,14,0x6e2
clgit	%r1,5,14
clgrt	%r1,%r2,14
crt	%r1,%r2,14
clrt	%r1,%r2,14
locrno	%r1,%r2
locno	%r1,8(%r2)
stocno	%r1,8(%r2)
lochino	%r1,5
cgij	%r1,5,15,0x710
cgrj	%r1,%r2,15,0x716
cgit	%r1,5,15
cgrt	%r1,%r2,15
locg	%r1,8(%r2),15
locgr	%r1,%r2,15
locghi	%r1,5,15
stocg	%r1,8(%r2),15
cgrb	%r1,%r2,15,0(%r3)
cgib	%r1,5,15,0(%r3)
clgrj	%r1,%r2,15,0x748
crj	%r1,%r2,15,0x74e
cij	%r1,5,15,0x754
clgij	%r1,5,15,0x75a
clgit	%r1,5,15
clgrt	%r1,%r2,15
crt	%r1,%r2,15
clrt	%r1,%r2,15
locr	%r1,%r2,15
loc	%r1,8(%r2),15
stoc	%r1,8(%r2),15
lochi	%r1,5,15
