stmg	%r6,%r15,48(%r15)
aghi	%r15,-160
lgr	%r8,%r2
lay	%r9,24(%r8)
iihf	%r2,682
iilf	%r2,803127456
lg	%r2,0(%r2)
stg	%r2,0(%r9)
aghi	%r9,8
iihf	%r2,682
iilf	%r2,803127464
lg	%r2,0(%r2)
stg	%r2,0(%r9)
aghi	%r9,8
aghi	%r9,-8
lg	%r2,0(%r9)
stg	%r2,16(%r8)
aghi	%r9,-8
lg	%r2,0(%r9)
stg	%r2,8(%r8)
jg	0x72
lg	%r2,8(%r8)
stg	%r2,0(%r9)
aghi	%r9,8
lg	%r2,0(%r8)
stg	%r2,0(%r9)
aghi	%r9,8
lg	%r2,-16(%r9)
lg	%r3,-8(%r9)
lgr	%r4,%r2
iihf	%r0,0
iilf	%r0,7
ngr	%r4,%r0
jgne	0x42c
lgr	%r4,%r3
iihf	%r0,0
iilf	%r0,7
ngr	%r4,%r0
jgne	0x42c
cgr	%r2,%r3
jghe	0xee
iihf	%r2,0
iilf	%r2,7
jg	0xfa
iihf	%r2,0
iilf	%r2,15
stg	%r2,-16(%r9)
aghi	%r9,-8
aghi	%r9,-8
lg	%r2,0(%r9)
iihf	%r0,0
iilf	%r0,7
cgr	%r2,%r0
jge	0x190
lg	%r2,16(%r8)
stg	%r2,0(%r9)
aghi	%r9,8
iihf	%r1,682
iilf	%r1,796015024
basr	%r14,%r1
lgr	%r7,%r2
iihf	%r1,682
iilf	%r1,796389920
basr	%r14,%r1
iihf	%r0,0
iilf	%r0,0
cgr	%r2,%r0
lgr	%r2,%r7
jglh	0x424
lg	%r2,-8(%r9)
lay	%r9,24(%r8)
stg	%r2,0(%r9)
aghi	%r9,8
jg	0x414
jg	0x1ac
iihf	%r2,682
iilf	%r2,803127472
lg	%r2,0(%r2)
stg	%r2,0(%r9)
aghi	%r9,8
aghi	%r9,-8
lg	%r2,16(%r8)
stg	%r2,0(%r9)
aghi	%r9,8
lg	%r2,8(%r8)
stg	%r2,0(%r9)
aghi	%r9,8
lg	%r2,-16(%r9)
lg	%r3,-8(%r9)
lgr	%r4,%r2
iihf	%r0,0
iilf	%r0,7
ngr	%r4,%r0
jgne	0x46a
lgr	%r4,%r3
iihf	%r0,0
iilf	%r0,7
ngr	%r4,%r0
jgne	0x46a
agr	%r2,%r3
jgo	0x46a
stg	%r2,-16(%r9)
aghi	%r9,-8
aghi	%r9,-8
lg	%r2,0(%r9)
stg	%r2,16(%r8)
iihf	%r1,682
iilf	%r1,796015024
basr	%r14,%r1
lgr	%r7,%r2
iihf	%r1,682
iilf	%r1,796389920
basr	%r14,%r1
iihf	%r0,0
iilf	%r0,0
cgr	%r2,%r0
lgr	%r2,%r7
jglh	0x424
lg	%r2,16(%r8)
stg	%r2,0(%r9)
aghi	%r9,8
aghi	%r9,-8
lg	%r2,8(%r8)
stg	%r2,0(%r9)
aghi	%r9,8
lg	%r2,-8(%r9)
lgr	%r4,%r2
iihf	%r0,0
iilf	%r0,7
ngr	%r4,%r0
jgne	0x4a8
aghi	%r2,8
jgo	0x4a8
stg	%r2,-8(%r9)
aghi	%r9,-8
lg	%r2,0(%r9)
stg	%r2,8(%r8)
iihf	%r1,682
iilf	%r1,796015024
basr	%r14,%r1
lgr	%r7,%r2
iihf	%r1,682
iilf	%r1,796389920
basr	%r14,%r1
iihf	%r0,0
iilf	%r0,0
cgr	%r2,%r0
lgr	%r2,%r7
jglh	0x424
lg	%r2,8(%r8)
stg	%r2,0(%r9)
aghi	%r9,8
aghi	%r9,-8
lay	%r9,24(%r8)
iihf	%r1,682
iilf	%r1,803134656
llgf	%r2,0(%r1)
aghi	%r2,1
sty	%r2,0(%r1)
iihf	%r3,0
iilf	%r3,10000
cgr	%r2,%r3
jgl	0x3ee
iihf	%r2,0
iilf	%r2,0
sty	%r2,0(%r1)
iihf	%r2,0
iilf	%r2,997
iihf	%r3,0
iilf	%r3,8
lgr	%r4,%r8
iihf	%r5,682
iilf	%r5,803131760
iihf	%r1,682
iilf	%r1,796120752
basr	%r14,%r1
lgr	%r7,%r2
iihf	%r1,682
iilf	%r1,796389920
basr	%r14,%r1
iihf	%r0,0
iilf	%r0,0
cgr	%r2,%r0
lgr	%r2,%r7
jglh	0x424
iihf	%r0,0
iilf	%r0,0
cgr	%r2,%r0
jge	0x3ee
lg	%r2,24(%r8)
jg	0x424
jg	0x72
aghi	%r9,-8
iihf	%r2,682
iilf	%r2,803127480
lg	%r2,0(%r2)
stg	%r2,0(%r9)
aghi	%r9,8
aghi	%r9,-8
lg	%r2,0(%r9)
jg	0x424
lmg	%r6,%r15,208(%r15)
br	%r14
lgr	%r3,%r9
sgr	%r3,%r8
srag	%r3,%r3,3
iihf	%r0,0
iilf	%r0,3
sgr	%r3,%r0
iihf	%r2,0
iilf	%r2,10
iihf	%r1,682
iilf	%r1,796116960
basr	%r14,%r1
jg	0x424
lgr	%r3,%r9
sgr	%r3,%r8
srag	%r3,%r3,3
iihf	%r0,0
iilf	%r0,3
sgr	%r3,%r0
iihf	%r2,0
iilf	%r2,20
iihf	%r1,682
iilf	%r1,796116960
basr	%r14,%r1
jg	0x424
lgr	%r3,%r9
sgr	%r3,%r8
srag	%r3,%r3,3
iihf	%r0,0
iilf	%r0,3
sgr	%r3,%r0
iihf	%r2,0
iilf	%r2,26
iihf	%r1,682
iilf	%r1,796116960
basr	%r14,%r1
jg	0x424
stmg	%r6,%r15,48(%r15)
aghi	%r15,-160
lgr	%r8,%r2
lay	%r9,24(%r8)
iihf	%r10,0
iilf	%r10,2
jg	0x72
stmg	%r6,%r15,48(%r15)
aghi	%r15,-160
lgr	%r8,%r2
lay	%r9,24(%r8)
lg	%r2,0(%r8)
stg	%r2,0(%r9)
aghi	%r9,8
iihf	%r2,682
iilf	%r2,803129328
lg	%r2,0(%r2)
stg	%r2,0(%r9)
aghi	%r9,8
iihf	%r2,0
iilf	%r2,518
iihf	%r3,0
iilf	%r3,2
lay	%r4,-16(%r9)
iihf	%r5,0
iilf	%r5,0
iihf	%r1,682
iilf	%r1,796083712
basr	%r14,%r1
lgr	%r7,%r2
iihf	%r1,682
iilf	%r1,796389920
basr	%r14,%r1
iihf	%r0,0
iilf	%r0,0
cgr	%r2,%r0
lgr	%r2,%r7
jglh	0xa7a
lay	%r9,-16(%r9)
stg	%r2,0(%r9)
aghi	%r9,8
lg	%r2,8(%r8)
stg	%r2,0(%r9)
aghi	%r9,8
iihf	%r2,682
iilf	%r2,803129336
lg	%r2,0(%r2)
stg	%r2,0(%r9)
aghi	%r9,8
iihf	%r2,0
iilf	%r2,126
iihf	%r3,0
iilf	%r3,2
lay	%r4,-16(%r9)
iihf	%r5,0
iilf	%r5,0
iihf	%r1,682
iilf	%r1,796083712
basr	%r14,%r1
lgr	%r7,%r2
iihf	%r1,682
iilf	%r1,796389920
basr	%r14,%r1
iihf	%r0,0
iilf	%r0,0
cgr	%r2,%r0
lgr	%r2,%r7
jglh	0xa7a
lay	%r9,-16(%r9)
stg	%r2,0(%r9)
aghi	%r9,8
lg	%r2,16(%r8)
stg	%r2,0(%r9)
aghi	%r9,8
iihf	%r2,0
iilf	%r2,198
iihf	%r3,0
iilf	%r3,1
lay	%r4,-8(%r9)
iihf	%r5,0
iilf	%r5,0
iihf	%r1,682
iilf	%r1,796083712
basr	%r14,%r1
lgr	%r7,%r2
iihf	%r1,682
iilf	%r1,796389920
basr	%r14,%r1
iihf	%r0,0
iilf	%r0,0
cgr	%r2,%r0
lgr	%r2,%r7
jglh	0xa7a
lay	%r9,-8(%r9)
stg	%r2,0(%r9)
aghi	%r9,8
lg	%r2,16(%r8)
stg	%r2,0(%r9)
aghi	%r9,8
iihf	%r2,0
iilf	%r2,216
iihf	%r3,0
iilf	%r3,1
lay	%r4,-8(%r9)
iihf	%r5,0
iilf	%r5,0
iihf	%r1,682
iilf	%r1,796083712
basr	%r14,%r1
lgr	%r7,%r2
iihf	%r1,682
iilf	%r1,796389920
basr	%r14,%r1
iihf	%r0,0
iilf	%r0,0
cgr	%r2,%r0
lgr	%r2,%r7
jglh	0xa7a
lay	%r9,-8(%r9)
stg	%r2,0(%r9)
aghi	%r9,8
lg	%r2,0(%r8)
stg	%r2,0(%r9)
aghi	%r9,8
lg	%r2,8(%r8)
stg	%r2,0(%r9)
aghi	%r9,8
iihf	%r2,0
iilf	%r2,359
iihf	%r3,0
iilf	%r3,2
lay	%r4,-16(%r9)
iihf	%r5,0
iilf	%r5,0
iihf	%r1,682
iilf	%r1,796083712
basr	%r14,%r1
lgr	%r7,%r2
iihf	%r1,682
iilf	%r1,796389920
basr	%r14,%r1
iihf	%r0,0
iilf	%r0,0
cgr	%r2,%r0
lgr	%r2,%r7
jglh	0xa7a
lay	%r9,-16(%r9)
stg	%r2,0(%r9)
aghi	%r9,8
lg	%r2,16(%r8)
stg	%r2,0(%r9)
aghi	%r9,8
iihf	%r2,0
iilf	%r2,4
iihf	%r3,0
iilf	%r3,1
lay	%r4,-8(%r9)
iihf	%r5,0
iilf	%r5,0
iihf	%r1,682
iilf	%r1,796083712
basr	%r14,%r1
lgr	%r7,%r2
iihf	%r1,682
iilf	%r1,796389920
basr	%r14,%r1
iihf	%r0,0
iilf	%r0,0
cgr	%r2,%r0
lgr	%r2,%r7
jglh	0xa7a
lay	%r9,-8(%r9)
stg	%r2,0(%r9)
aghi	%r9,8
lg	%r2,0(%r8)
stg	%r2,0(%r9)
aghi	%r9,8
lg	%r2,8(%r8)
stg	%r2,0(%r9)
aghi	%r9,8
iihf	%r2,0
iilf	%r2,30
iihf	%r3,0
iilf	%r3,2
lay	%r4,-16(%r9)
iihf	%r5,0
iilf	%r5,0
iihf	%r1,682
iilf	%r1,796083712
basr	%r14,%r1
lgr	%r7,%r2
iihf	%r1,682
iilf	%r1,796389920
basr	%r14,%r1
iihf	%r0,0
iilf	%r0,0
cgr	%r2,%r0
lgr	%r2,%r7
jglh	0xa7a
lay	%r9,-16(%r9)
stg	%r2,0(%r9)
aghi	%r9,8
lg	%r2,0(%r8)
stg	%r2,0(%r9)
aghi	%r9,8
lg	%r2,-8(%r9)
lgr	%r4,%r2
iihf	%r0,0
iilf	%r0,7
ngr	%r4,%r0
jgne	0xa82
iihf	%r3,0
iilf	%r3,0
sgr	%r3,%r2
lgr	%r2,%r3
jgo	0xa82
stg	%r2,-8(%r9)
lg	%r2,0(%r8)
stg	%r2,0(%r9)
aghi	%r9,8
lg	%r2,8(%r8)
stg	%r2,0(%r9)
aghi	%r9,8
lg	%r2,-16(%r9)
lg	%r3,-8(%r9)
lgr	%r4,%r2
iihf	%r0,0
iilf	%r0,7
ngr	%r4,%r0
jgne	0xac0
lgr	%r4,%r3
iihf	%r0,0
iilf	%r0,7
ngr	%r4,%r0
jgne	0xac0
cgr	%r2,%r3
jgl	0x9e0
iihf	%r2,0
iilf	%r2,7
jg	0x9ec
iihf	%r2,0
iilf	%r2,15
stg	%r2,-16(%r9)
aghi	%r9,-8
iihf	%r2,0
iilf	%r2,16
iihf	%r3,0
iilf	%r3,9
lay	%r4,-72(%r9)
iihf	%r5,0
iilf	%r5,0
iihf	%r1,682
iilf	%r1,796083712
basr	%r14,%r1
lgr	%r7,%r2
iihf	%r1,682
iilf	%r1,796389920
basr	%r14,%r1
iihf	%r0,0
iilf	%r0,0
cgr	%r2,%r0
lgr	%r2,%r7
jglh	0xa7a
lay	%r9,-72(%r9)
stg	%r2,0(%r9)
aghi	%r9,8
aghi	%r9,-8
lg	%r2,0(%r9)
jg	0xa7a
lmg	%r6,%r15,208(%r15)
br	%r14
lgr	%r3,%r9
sgr	%r3,%r8
srag	%r3,%r3,3
iihf	%r0,0
iilf	%r0,3
sgr	%r3,%r0
iihf	%r2,0
iilf	%r2,19
iihf	%r1,682
iilf	%r1,796116960
basr	%r14,%r1
jg	0xa7a
lgr	%r3,%r9
sgr	%r3,%r8
srag	%r3,%r3,3
iihf	%r0,0
iilf	%r0,3
sgr	%r3,%r0
iihf	%r2,0
iilf	%r2,22
iihf	%r1,682
iilf	%r1,796116960
basr	%r14,%r1
jg	0xa7a
