addi	sp,sp,-16
addi	a0,a0,31
addi	a0,a0,-32
addiw	a0,a0,-3
li	a0,1
li	a0,-32
lui	a0,0x1f
lui	a0,0xfffe0
mv	a0,a1
add	a0,a0,a1
ld	a0,8(a1)
ld	a0,248(a1)
sd	a0,8(a1)
ld	a0,16(sp)
ld	a0,504(sp)
sd	a0,16(sp)
sd	a0,504(sp)
lw	a0,8(a1)
lw	a0,124(a1)
sw	a0,8(a1)
lw	a0,16(sp)
lw	a0,252(sp)
sw	a0,16(sp)
sw	a0,252(sp)
fld	fa0,8(a1)
fsd	fa0,8(a1)
fld	fa0,16(sp)
fsd	fa0,16(sp)
j	0x38
j	0x42
beqz	a0,0x38
bnez	a0,0x42
beqz	a5,0x42
ret
jr	t0
jalr	a0
slli	a0,a0,0x3
slli	a0,a0,0x3f
srli	a0,a0,0x3
srli	a0,a0,0x3f
srai	a0,a0,0x3
andi	a0,a0,7
andi	a0,a0,-32
sub	a0,a0,a1
xor	a0,a0,a1
or	a0,a0,a1
and	a0,a0,a1
subw	a0,a0,a1
addw	a0,a0,a1
nop
addi	sp,sp,32
addi	sp,sp,-512
addi	a0,sp,16
addi	a5,sp,1020
ebreak
