addi	sp,sp,-48
li	a0,5
li	a0,-2048
mv	s2,a0
nop
li	t0,2047
slti	a0,a1,-7
seqz	a0,a1
sltiu	a0,a1,2
not	a0,a0
xori	a0,a0,255
ori	a0,a0,4
andi	t0,a0,7
andi	a0,a0,-8
slli	a0,a0,0x3
slli	a0,a0,0x3f
srli	a1,a1,0x20
srai	a1,a1,0x3
srai	a1,a1,0x3f
lui	a0,0x1
lui	t6,0xfffff
lui	zero,0x0
auipc	a0,0x0
auipc	t0,0x12345
addiw	a0,a0,-2048 # 0xfffffffffffff858
sext.w	a1,a1
slliw	a0,a1,0x5
srliw	a0,a1,0x1f
sraiw	a0,a1,0x1
add	a0,a0,a1
sub	a0,a0,a1
neg	a0,a1
sll	a0,a0,a1
slt	t0,a0,a1
sgtz	t0,a1
sltz	t0,a1
sltu	t0,a0,a1
snez	t0,a1
xor	t0,a0,t1
srl	t0,a0,t1
sra	t0,a0,t1
or	t0,a0,t1
and	t0,a0,t1
mul	a0,a0,a1
mulh	t0,a0,a1
mulhsu	t0,a0,a1
mulhu	t0,a0,a1
div	t0,a0,a1
divu	t0,a0,a1
rem	t0,a0,a1
remu	t0,a0,a1
addw	t0,a0,a1
subw	t0,a0,a1
sllw	t0,a0,a1
srlw	t0,a0,a1
sraw	t0,a0,a1
mulw	t0,a0,a1
divw	t0,a0,a1
divuw	t0,a0,a1
remw	t0,a0,a1
remuw	t0,a0,a1
lb	a1,8(t0) # 0x12345064
lh	a1,-8(t0)
lw	a1,2047(t0)
ld	a0,24(a0)
lbu	a1,0(t0)
lhu	a1,0(t0)
lwu	a0,0(t0)
sb	a1,8(t0)
sh	a1,8(t0)
sw	a0,4(t0)
sd	ra,40(sp)
sd	zero,0(a0)
flw	fa0,0(a0)
fld	fs0,104(sp)
fsw	fa0,0(a0)
fsd	fs11,-8(sp)
jalr	t0
ret
jr	t0
jalr	8(t0)
jr	-4(t0)
jalr	a0,t0
jalr	a0,16(t0)
j	0x150
jal	0x150
jal	t0,0x150
j	0x194
beq	a0,a1,0x150
bne	a0,a1,0x194
blt	a0,a1,0x150
bge	a0,a1,0x194
bltu	a0,a1,0x150
bgeu	a0,a1,0x194
beqz	a0,0x150
bnez	a0,0x194
beq	zero,a0,0x150
bgtz	a0,0x150
bltz	a0,0x150
bgez	a0,0x150
blez	a0,0x150
ecall
ebreak
fence
fence.i
fence	r,w
fence	iorw,ow
fence.tso
wfi
mret
sret
frcsr	t0
fscsr	t0
csrrs	t0,fcsr,t1
fscsr	t0,t1
frrm	t0
fsrm	t0
frflags	t0
fsflags	t0
rdcycle	t0
rdtime	t0
rdinstret	t0
csrr	t0,mstatus
csrw	mstatus,t0
csrs	mstatus,t0
csrc	mstatus,t0
csrrs	t0,mstatus,t1
csrrc	t0,mstatus,t1
csrwi	mstatus,3
csrsi	mstatus,3
csrci	mstatus,3
csrrwi	t0,mstatus,3
csrrsi	t0,mstatus,3
csrrci	t0,mstatus,3
csrr	t0,0x7c0
csrw	0x7c0,t0
lr.w	t0,(a0)
lr.d.aq	t0,(a0)
sc.w	t0,a1,(a0)
sc.d.rl	t0,a1,(a0)
amoswap.w	t0,a1,(a0)
amoadd.d.aqrl	t0,a1,(a0)
amoxor.w	t0,a1,(a0)
amoand.d	t0,a1,(a0)
amoor.w	t0,a1,(a0)
amomin.d	t0,a1,(a0)
amomax.w	t0,a1,(a0)
amominu.d	t0,a1,(a0)
amomaxu.w	t0,a1,(a0)
fmv.w.x	fa0,a0
fmv.x.w	a0,fa0
fmv.d.x	fs0,s1
fmv.x.d	t2,fs0
fadd.s	fa0,fa0,fa1
fsub.s	fa0,fa0,fa1
fmul.s	fa0,fa0,fa1
fdiv.s	fa0,fa0,fa1
fadd.d	fa0,fa0,fa1
fsub.d	fa0,fa0,fa1
fmul.d	fa0,fa0,fa1
fdiv.d	fa0,fa0,fa1
fadd.s	fa0,fa0,fa1,rtz
fmul.d	fa0,fa0,fa1,rne
fsqrt.s	fa0,fa1
fsqrt.d	fa0,fa1,rdn
fsgnj.s	fa0,fa1,fa2
fsgnjn.s	fa0,fa1,fa2
fsgnjx.s	fa0,fa1,fa2
fmv.s	fa0,fa1
fneg.s	fa0,fa1
fabs.s	fa0,fa1
fsgnj.d	fa0,fa1,fa2
fmv.d	fa0,fa1
fneg.d	fa0,fa1
fabs.d	fa0,fa1
fmin.s	fa0,fa1,fa2
fmax.s	fa0,fa1,fa2
fmin.d	fa0,fa1,fa2
fmax.d	fa0,fa1,fa2
fcvt.w.s	a0,fa0
fcvt.wu.s	a0,fa0,rtz
fcvt.l.s	a0,fa0
fcvt.lu.s	a0,fa0
fcvt.s.w	fa0,a0
fcvt.s.wu	fa0,a0
fcvt.s.l	fa0,a0
fcvt.s.lu	fa0,a0,rup
fcvt.w.d	a0,fa0
fcvt.wu.d	a0,fa0
fcvt.l.d	a0,fa0,rmm
fcvt.lu.d	a0,fa0
fcvt.d.w	fa0,a0
fcvt.d.wu	fa0,a0
fcvt.d.l	fa0,a0
fcvt.d.lu	fa0,a0
fcvt.s.d	fa0,fa1
fcvt.d.s	fa0,fa1
feq.s	a0,fa0,fa1
flt.s	a0,fa0,fa1
fle.s	a0,fa0,fa1
feq.d	a0,fa0,fa1
flt.d	a0,fa0,fa1
fle.d	a0,fa0,fa1
fclass.s	a0,fa0
fclass.d	a0,fa0
fmadd.s	fa0,fa1,fa2,fa3
fmsub.s	fa0,fa1,fa2,fa3
fnmsub.d	fa0,fa1,fa2,fa3
fnmadd.d	fa0,fa1,fa2,fa3,rtz
